==== slurm_gpu.sh on cayenne job=813 ====
CUDA_VISIBLE_DEVICES=0
allocated GPU UUID(s): GPU-c09878e8-fb6a-ff0c-3c33-05993065d679
0, GPU-c09878e8-fb6a-ff0c-3c33-05993065d679, 0 MiB
==== exec: ./run_kimi_single_layer.sh --point 1,1048576;32,8192 --split --attn-type mla --moe-backend flashinfer_mxfp4 --attention-backend triton --cuda-graph --iters 60 ====
==== kimi_single_layer: img=lmsysorg/sglang:v0.5.20 gpu="device=GPU-c09878e8-fb6a-ff0c-3c33-05993065d679" args=--point 1,1048576;32,8192 --split --attn-type mla --moe-backend flashinfer_mxfp4 --attention-backend triton --cuda-graph --iters 60 ====
--- Wrapper: Applying owner=yilegu, memory=432834647654 bytes, and cpus=28.8 ---
==============================================================================
kimi_single_layer_decode v3 (K3/MLA)  experts=56 EP=16 layer_idx=4 iters=60 warmup=20 split=True moe_backend=flashinfer_mxfp4 attention_backend=triton page_size=1 attn_heads=96 cuda_graph=True
torch=2.13.0+cu130  dev=NVIDIA B200
sglang=0.5.20
==============================================================================
[cfg] wrote /tmp/k3_cfg/config.json  experts=56 (EP=16) top_k=16 shared=2 layers=8  moe_backend=flashinfer_mxfp4 hidden_act=situ  attn_type=mla target_layer=4 mla_heads=96 kda_heads=96 kda_layers=[1, 2, 3, 4, 6, 7, 8] full_attn=[5]
[moe] flashinfer_mxfp4_moe_precision=default
[moe] runner_backend=MoeRunnerBackend.FLASHINFER_MXFP4 is_flashinfer_mxfp4=True is_deep_gemm=False
[boot] tp=1 attn_tp=1 world=1  is_kda_layer(4)=False  attention_arch=1 dtype=torch.bfloat16
[layer] mxfp4 quant_config=Mxfp4Config quant_format=None
[layer] UnquantizedLinearMethod from sglang.srt.layers.quantization.unquant
[layer] patched Mxfp4Config.get_quant_method: LinearBase/RadixAttention -> bf16 unquantized fallback
[layer] KimiK3DecoderLayer(layer_idx=4): self_attn=KimiK3MLAAttention (KDA=False MLA=True)  mlp=KimiK3MoE (MoE=True)
[layer] random-init 0.329B float params -> cuda/bf16/eval (MLA: absorbed kv_b_proj -> w_kc(96, 128, 512) w_vc(96, 512, 128))
[mxfp4] experts=FusedMoE tensors:
[mxfp4]   w13_weight                       (56, 6144, 1792)       torch.uint8 <- e2m1 randint
[mxfp4]   w13_weight_scale                 (56, 6144, 112)        torch.uint8 <- ue8m0 fill 127
[mxfp4]   w13_weight_bias                  (56, 6144)             torch.bfloat16 <- bias normal
[mxfp4]   w2_weight                        (56, 3584, 1536)       torch.uint8 <- e2m1 randint
[mxfp4]   w2_weight_scale                  (56, 3584, 96)         torch.uint8 <- ue8m0 fill 127
[mxfp4]   w2_weight_bias                   (56, 3584)             torch.bfloat16 <- bias normal
[mxfp4] quant_method=Mxfp4MoEMethod use_flashinfer=True use_marlin=False _fi_kernel=trtllm_sm100 precision=default
[mxfp4] quant_method.process_weights_after_loading(experts) OK
[layer] post_load_merge: front_w=(15928, 7168) fused_front_eligible=True bias_dtype=torch.float32
[moe] resolved expert method: {'class': 'Mxfp4MoEMethod', 'use_flashinfer': True, 'use_marlin': False, '_fi_kernel': 'trtllm_sm100', 'flashinfer_mxfp4_moe_precision': 'default'}

---- rung adhoc ----
[mla] TritonAttnBackend built (attention_backend=triton page_size=1); kv=1.208GB kv_dim=576 num_head=96
/sgl-workspace/sglang/python/sglang/srt/environ.py:83: UserWarning: Invalid value for SGLANG_DISABLE_LEAN_ATTENTION: "" is not a valid boolean value, using default "False"
  warnings.warn(
/sgl-workspace/sglang/python/sglang/srt/environ.py:83: UserWarning: Invalid value for SGLANG_DISABLE_LEAN_ATTENTION: "" is not a valid boolean value, using default "False"
  warnings.warn(
[time] B=    1 L=  1048576  us/step=  6486.50  us/tok=6486.496  kv=1.208GB  peak=3.93GB  finite=True  shape=[1, 7168]  attn=6347.2us moe=613.9us norms=38.5us  floor=172.6us a/floor=36.78x
[mla] TritonAttnBackend built (attention_backend=triton page_size=1); kv=0.302GB kv_dim=576 num_head=96
[time] B=   32 L=     8192  us/step=  1360.58  us/tok=  42.518  kv=0.302GB  peak=3.64GB  finite=True  shape=[32, 7168]  attn=1085.0us moe=684.4us norms=40.8us  floor=43.1us a/floor=25.15x

==============================================================================
rung              B   seq_len    us/step    us/tok     kv_GB  status
adhoc             1   1048576    6486.50  6486.496     1.208  ok  attn=6347.2 moe=613.9 norms=38.5 floor=172.6 a/floor=36.78x  graph=6474.1us (x1.00) meta=596.4
adhoc            32      8192    1360.58    42.518     0.302  ok  attn=1085.0 moe=684.4 norms=40.8 floor=43.1 a/floor=25.15x  graph=1331.6us (x1.02) meta=68.0
==============================================================================
[out] wrote /work/kimi_single_layer/result_20260922_022120.json
[rank0]:[W922 09:22:07.504665398 ProcessGroupNCCL.cpp:1624] Warning: WARNING: destroy_process_group() was not called before program exit, which can leak resources. For more info, please see https://pytorch.org/docs/stable/distributed.html#shutdown (function operator())
==== done; json -> /raid/yilegu/roofline_guided_agent/VibeSimWorkspace/scripts-local/vibesim-analysis-container/kimi_single_layer/result_20260922_022120.json ====
