==== slurm_gpu.sh on cayenne job=769 ====
CUDA_VISIBLE_DEVICES=0
allocated GPU UUID(s): GPU-17dce9e8-fd5a-2fcc-3847-dc31ae451efc
0, GPU-17dce9e8-fd5a-2fcc-3847-dc31ae451efc, 0 MiB
==== exec: ./run_kimi_single_layer.sh --only b_ctxindep,c_sweep --split ====
==== kimi_single_layer: img=lmsysorg/sglang:v0.5.20 gpu="device=GPU-17dce9e8-fd5a-2fcc-3847-dc31ae451efc" args=--only b_ctxindep,c_sweep --split ====
--- Wrapper: Applying owner=yilegu, memory=432834647654 bytes, and cpus=28.8 ---
==============================================================================
kimi_single_layer_decode v2 (K3/KDA)  experts=56 EP=16 layer_idx=5 iters=100 warmup=20 split=True
torch=2.13.0+cu130  dev=NVIDIA B200
sglang=0.5.20
==============================================================================
[cfg] wrote /tmp/k3_cfg/config.json  experts=56 (EP=16) top_k=16 shared=2 layers=8
[boot] tp=1 attn_tp=1 world=1  is_kda_layer(5)=True  dtype=torch.bfloat16
[layer] KimiK3DecoderLayer(layer_idx=5): self_attn=KimiK3DeltaAttention (KDA=True MLA=False)  mlp=KimiK3MoE (MoE=True)
[layer] random-init 2.392B float params -> cuda/bf16/eval; conv_weights refreshed dev=cuda:0

---- rung b_ctxindep ----
[kda] KDAAttnBackend built; conv=(2, 3, 36864)/torch.bfloat16 temporal=(2, 96, 128, 128)/torch.float32 state=13.03MB/slot-set
/opt/sglang/lib/python3.12/site-packages/triton/language/core.py:2284: UserWarning: tl.make_block_ptr is deprecated. Use TensorDescriptor or tl.make_tensor_descriptor instead.
  warn("tl.make_block_ptr is deprecated. Use TensorDescriptor or tl.make_tensor_descriptor instead.")
Using default MoE kernel config. Performance might be sub-optimal! Config file not found at /sgl-workspace/sglang/python/sglang/srt/layers/moe/moe_runner/triton_utils/configs/triton_3_7_1/E=56,N=3072,device_name=NVIDIA_B200.json, you can create them with https://github.com/sgl-project/sglang/tree/main/benchmark/kernels/fused_moe_triton
Using default MoE kernel config. Performance might be sub-optimal! Config file not found at /sgl-workspace/sglang/python/sglang/srt/layers/moe/moe_runner/triton_utils/configs/triton_3_7_1/E=56,N=3072,device_name=NVIDIA_B200_down.json, you can create them with https://github.com/sgl-project/sglang/tree/main/benchmark/kernels/fused_moe_triton
[time] B=    1 L=     4096  us/step=  1112.45  us/tok=1112.448  state=13.0MB  peak=4.83GB  finite=True  shape=[1, 7168]  attn=309.7us moe=576.8us norms=37.6us
[kda] KDAAttnBackend built; conv=(2, 3, 36864)/torch.bfloat16 temporal=(2, 96, 128, 128)/torch.float32 state=13.03MB/slot-set
[time] B=    1 L=  1048576  us/step=  1097.18  us/tok=1097.184  state=13.0MB  peak=4.86GB  finite=True  shape=[1, 7168]  attn=310.8us moe=574.7us norms=37.6us

---- rung c_sweep ----
[kda] KDAAttnBackend built; conv=(129, 3, 36864)/torch.bfloat16 temporal=(129, 96, 128, 128)/torch.float32 state=840.13MB/slot-set
[time] B=  128 L=     8192  us/step=  1281.28  us/tok=  10.010  state=840.1MB  peak=6.50GB  finite=True  shape=[128, 7168]  attn=477.5us moe=783.4us norms=38.3us
[kda] KDAAttnBackend built; conv=(257, 3, 36864)/torch.bfloat16 temporal=(257, 96, 128, 128)/torch.float32 state=1673.75MB/slot-set
[time] B=  256 L=     8192  us/step=  1976.74  us/tok=   7.722  state=1673.7MB  peak=8.96GB  finite=True  shape=[256, 7168]  attn=868.7us moe=1202.7us norms=38.4us
[kda] KDAAttnBackend built; conv=(513, 3, 36864)/torch.bfloat16 temporal=(513, 96, 128, 128)/torch.float32 state=3340.98MB/slot-set
[time] B=  512 L=     8192  us/step=  3534.11  us/tok=   6.903  state=3341.0MB  peak=13.92GB  finite=True  shape=[512, 7168]  attn=1663.1us moe=1945.9us norms=38.4us
[kda] KDAAttnBackend built; conv=(1025, 3, 36864)/torch.bfloat16 temporal=(1025, 96, 128, 128)/torch.float32 state=6675.46MB/slot-set
[time] B= 1024 L=     8192  us/step=  6635.78  us/tok=   6.480  state=6675.5MB  peak=23.81GB  finite=True  shape=[1024, 7168]  attn=3379.6us moe=3390.7us norms=41.1us
[kda] KDAAttnBackend built; conv=(2049, 3, 36864)/torch.bfloat16 temporal=(2049, 96, 128, 128)/torch.float32 state=13344.40MB/slot-set
[time] B= 2048 L=     8192  us/step= 12850.62  us/tok=   6.275  state=13344.4MB  peak=40.26GB  finite=True  shape=[2048, 7168]  attn=6818.2us moe=6273.3us norms=44.4us

==============================================================================
rung            B   seq_len    us/step    us/tok  state_MB  status
b_ctxindep      1      4096    1112.45  1112.448      13.0  ok  attn=309.7 moe=576.8 norms=37.6
b_ctxindep      1   1048576    1097.18  1097.184      13.0  ok  attn=310.8 moe=574.7 norms=37.6
c_sweep       128      8192    1281.28    10.010     840.1  ok  attn=477.5 moe=783.4 norms=38.3
c_sweep       256      8192    1976.74     7.722    1673.7  ok  attn=868.7 moe=1202.7 norms=38.4
c_sweep       512      8192    3534.11     6.903    3341.0  ok  attn=1663.1 moe=1945.9 norms=38.4
c_sweep      1024      8192    6635.78     6.480    6675.5  ok  attn=3379.6 moe=3390.7 norms=41.1
c_sweep      2048      8192   12850.62     6.275   13344.4  ok  attn=6818.2 moe=6273.3 norms=44.4
==============================================================================
[out] wrote /work/kimi_single_layer/result_20260921_202211.json
[rank0]:[W922 03:22:56.630645573 ProcessGroupNCCL.cpp:1624] Warning: WARNING: destroy_process_group() was not called before program exit, which can leak resources. For more info, please see https://pytorch.org/docs/stable/distributed.html#shutdown (function operator())
==== done; json -> /raid/yilegu/roofline_guided_agent/VibeSimWorkspace/scripts-local/vibesim-analysis-container/kimi_single_layer/result_20260921_202211.json ====
