==== slurm_gpu.sh on cayenne job=767 ====
CUDA_VISIBLE_DEVICES=0
allocated GPU UUID(s): GPU-c04734e2-2332-795b-16f9-31aeb0b1212b
0, GPU-c04734e2-2332-795b-16f9-31aeb0b1212b, 0 MiB
==== exec: ./run_kimi_single_layer.sh --point 1,4096 --split ====
==== kimi_single_layer: img=lmsysorg/sglang:v0.5.20 gpu="device=GPU-c04734e2-2332-795b-16f9-31aeb0b1212b" args=--point 1,4096 --split ====
--- Wrapper: Applying owner=yilegu, memory=432834647654 bytes, and cpus=28.8 ---
==============================================================================
kimi_single_layer_decode v2 (K3/KDA)  experts=56 EP=16 layer_idx=5 iters=100 warmup=20 split=True
torch=2.13.0+cu130  dev=NVIDIA B200
sglang=0.5.20
==============================================================================
[cfg] wrote /tmp/k3_cfg/config.json  experts=56 (EP=16) top_k=16 shared=2 layers=8
[boot] tp=1 attn_tp=1 world=1  is_kda_layer(5)=True  dtype=torch.bfloat16
[layer] KimiK3DecoderLayer(layer_idx=5): self_attn=KimiK3DeltaAttention (KDA=True MLA=False)  mlp=KimiK3MoE (MoE=True)
[layer] random-init 2.392B float params -> cuda/bf16/eval

---- rung adhoc ----
[kda] KDAAttnBackend built; conv=(2, 3, 36864)/torch.bfloat16 temporal=(2, 96, 128, 128)/torch.float32 state=13.03MB/slot-set
[time] B=1 L=4096 FAILED: ValueError: Pointer argument cannot be accessed from Triton (cpu tensor?)
Traceback (most recent call last):
  File "/work/kimi_single_layer_decode.py", line 410, in time_point
    out = call_layer(layer, fb, positions, hidden)
          ^^^^^^^^^^^^^^^^^^^^^^^^^^^^^^^^^^^^^^^^
  File "/work/kimi_single_layer_decode.py", line 356, in call_layer
    return layer.forward(
           ^^^^^^^^^^^^^^
  File "/sgl-workspace/sglang/python/sglang/srt/models/kimi_k3.py", line 2623, in forward
    hidden_states = self._run_self_attn(
                    ^^^^^^^^^^^^^^^^^^^^
  File "/sgl-workspace/sglang/python/sglang/srt/models/kimi_k3.py", line 2557, in _run_self_attn
    return self._run_self_attn_inner(
           ^^^^^^^^^^^^^^^^^^^^^^^^^^
  File "/sgl-workspace/sglang/python/sglang/srt/models/kimi_k3.py", line 2580, in _run_self_attn_inner
    result = self.self_attn(
             ^^^^^^^^^^^^^^^
  File "/opt/sglang/lib/python3.12/site-packages/torch/nn/modules/module.py", line 1778, in _wrapped_call_impl
    return self._call_impl(*args, **kwargs)
           ^^^^^^^^^^^^^^^^^^^^^^^^^^^^^^^^
  File "/opt/sglang/lib/python3.12/site-packages/torch/nn/modules/module.py", line 1789, in _call_impl
    return forward_call(*args, **kwargs)
           ^^^^^^^^^^^^^^^^^^^^^^^^^^^^^
  File "/sgl-workspace/sglang/python/sglang/srt/models/kimi_k3.py", line 2035, in forward
    core_attn_out = self.attn(
                    ^^^^^^^^^^
  File "/opt/sglang/lib/python3.12/site-packages/torch/nn/modules/module.py", line 1778, in _wrapped_call_impl
    return self._call_impl(*args, **kwargs)
           ^^^^^^^^^^^^^^^^^^^^^^^^^^^^^^^^
  File "/opt/sglang/lib/python3.12/site-packages/torch/nn/modules/module.py", line 1789, in _call_impl
    return forward_call(*args, **kwargs)
           ^^^^^^^^^^^^^^^^^^^^^^^^^^^^^
  File "/sgl-workspace/sglang/python/sglang/srt/layers/radix_linear_attention.py", line 142, in forward
    return get_attn_backend().forward(
           ^^^^^^^^^^^^^^^^^^^^^^^^^^^
  File "/work/kimi_single_layer_decode.py", line 318, in forward
    return self.kda.forward_decode(
           ^^^^^^^^^^^^^^^^^^^^^^^^
  File "/sgl-workspace/sglang/python/sglang/srt/layers/attention/linear/kda_backend.py", line 729, in forward_decode
    qkv = causal_conv1d_update(
          ^^^^^^^^^^^^^^^^^^^^^
  File "/sgl-workspace/sglang/python/sglang/kernels/ops/mamba/causal_conv1d_triton.py", line 1147, in causal_conv1d_update
    _causal_conv1d_update_kernel[grid](
  File "/opt/sglang/lib/python3.12/site-packages/triton/runtime/jit.py", line 370, in <lambda>
    return lambda *args, **kwargs: self.run(grid=grid, warmup=False, *args, **kwargs)
                                   ^^^^^^^^^^^^^^^^^^^^^^^^^^^^^^^^^^^^^^^^^^^^^^^^^^
  File "/opt/sglang/lib/python3.12/site-packages/triton/runtime/jit.py", line 761, in run
    kernel.run(grid_0, grid_1, grid_2, stream, kernel.function, kernel.packed_metadata, launch_metadata,
  File "/opt/sglang/lib/python3.12/site-packages/triton/backends/nvidia/driver.py", line 328, in __call__
    self.launch(gridX, gridY, gridZ, stream, function, self.launch_cooperative_grid, self.launch_pdl,
ValueError: Pointer argument cannot be accessed from Triton (cpu tensor?)


==============================================================================
rung            B   seq_len    us/step    us/tok  state_MB  status
adhoc           1      4096          -         -         -  FAIL ValueError: Pointer argument cannot be accessed from Triton (cpu tensor?)
==============================================================================
[out] wrote /work/kimi_single_layer/result_20260921_163414.json
[rank0]:[W921 23:34:44.238693287 ProcessGroupNCCL.cpp:1624] Warning: WARNING: destroy_process_group() was not called before program exit, which can leak resources. For more info, please see https://pytorch.org/docs/stable/distributed.html#shutdown (function operator())
==== done; json -> /raid/yilegu/roofline_guided_agent/VibeSimWorkspace/scripts-local/vibesim-analysis-container/kimi_single_layer/result_20260921_163414.json ====
