==== slurm_gpu.sh on cayenne job=772 ====
CUDA_VISIBLE_DEVICES=0
allocated GPU UUID(s): GPU-c09878e8-fb6a-ff0c-3c33-05993065d679
0, GPU-c09878e8-fb6a-ff0c-3c33-05993065d679, 0 MiB
==== exec: ./run_kimi_single_layer.sh --moe-backend flashinfer_mxfp4 --point 1,4096 --split --json-out /work/kimi_single_layer/result_mxfp4_smoke.json ====
==== kimi_single_layer: img=lmsysorg/sglang:v0.5.20 gpu="device=GPU-c09878e8-fb6a-ff0c-3c33-05993065d679" args=--moe-backend flashinfer_mxfp4 --point 1,4096 --split --json-out /work/kimi_single_layer/result_mxfp4_smoke.json ====
--- Wrapper: Applying owner=yilegu, memory=432834647654 bytes, and cpus=28.8 ---
==============================================================================
kimi_single_layer_decode v2 (K3/KDA)  experts=56 EP=16 layer_idx=5 iters=100 warmup=20 split=True moe_backend=flashinfer_mxfp4
torch=2.13.0+cu130  dev=NVIDIA B200
sglang=0.5.20
==============================================================================
[cfg] wrote /tmp/k3_cfg/config.json  experts=56 (EP=16) top_k=16 shared=2 layers=8  moe_backend=flashinfer_mxfp4 hidden_act=situ
[moe] flashinfer_mxfp4_moe_precision=default
[moe] runner_backend=MoeRunnerBackend.FLASHINFER_MXFP4 is_flashinfer_mxfp4=True is_deep_gemm=False
[boot] tp=1 attn_tp=1 world=1  is_kda_layer(5)=True  dtype=torch.bfloat16
[layer] mxfp4 quant_config=Mxfp4Config quant_format=None
[rank0]: Traceback (most recent call last):
[rank0]:   File "/work/kimi_single_layer_decode.py", line 673, in <module>
[rank0]:     main()
[rank0]:   File "/work/kimi_single_layer_decode.py", line 602, in main
[rank0]:     layer = build_layer(cfg, args.layer_idx, moe_backend=args.moe_backend)
[rank0]:             ^^^^^^^^^^^^^^^^^^^^^^^^^^^^^^^^^^^^^^^^^^^^^^^^^^^^^^^^^^^^^^
[rank0]:   File "/work/kimi_single_layer_decode.py", line 217, in build_layer
[rank0]:     layer = KimiK3DecoderLayer(config=cfg, layer_idx=layer_idx,
[rank0]:             ^^^^^^^^^^^^^^^^^^^^^^^^^^^^^^^^^^^^^^^^^^^^^^^^^^^
[rank0]:   File "/sgl-workspace/sglang/python/sglang/srt/models/kimi_k3.py", line 2378, in __init__
[rank0]:     self.self_attn = KimiK3DeltaAttention(
[rank0]:                      ^^^^^^^^^^^^^^^^^^^^^
[rank0]:   File "/sgl-workspace/sglang/python/sglang/srt/models/kimi_k3.py", line 1547, in __init__
[rank0]:     self.qkv_proj = QKVParallelLinear(
[rank0]:                     ^^^^^^^^^^^^^^^^^^
[rank0]:   File "/sgl-workspace/sglang/python/sglang/srt/layers/linear.py", line 1040, in __init__
[rank0]:     super().__init__(
[rank0]:   File "/sgl-workspace/sglang/python/sglang/srt/layers/linear.py", line 364, in __init__
[rank0]:     assert self.quant_method is not None
[rank0]:            ^^^^^^^^^^^^^^^^^^^^^^^^^^^^^
[rank0]: AssertionError
[rank0]:[W922 05:37:05.876844089 ProcessGroupNCCL.cpp:1624] Warning: WARNING: destroy_process_group() was not called before program exit, which can leak resources. For more info, please see https://pytorch.org/docs/stable/distributed.html#shutdown (function operator())
