==== slurm_gpu.sh on cayenne job=810 ====
CUDA_VISIBLE_DEVICES=0
allocated GPU UUID(s): GPU-c09878e8-fb6a-ff0c-3c33-05993065d679
0, GPU-c09878e8-fb6a-ff0c-3c33-05993065d679, 0 MiB
==== exec: ./run_kimi_single_layer.sh --point 1,1048576;32,8192 --split --attn-type mla --moe-backend flashinfer_mxfp4 --attention-backend cutedsl_mla --attn-heads 96 --iters 60 ====
==== kimi_single_layer: img=lmsysorg/sglang:v0.5.20 gpu="device=GPU-c09878e8-fb6a-ff0c-3c33-05993065d679" args=--point 1,1048576;32,8192 --split --attn-type mla --moe-backend flashinfer_mxfp4 --attention-backend cutedsl_mla --attn-heads 96 --iters 60 ====
--- Wrapper: Applying owner=yilegu, memory=432834647654 bytes, and cpus=28.8 ---
==============================================================================
kimi_single_layer_decode v3 (K3/MLA)  experts=56 EP=16 layer_idx=4 iters=60 warmup=20 split=True moe_backend=flashinfer_mxfp4 attention_backend=cutedsl_mla page_size=64 attn_heads=96 cuda_graph=False
torch=2.13.0+cu130  dev=NVIDIA B200
sglang=0.5.20
==============================================================================
[cfg] wrote /tmp/k3_cfg/config.json  experts=56 (EP=16) top_k=16 shared=2 layers=8  moe_backend=flashinfer_mxfp4 hidden_act=situ  attn_type=mla target_layer=4 mla_heads=96 kda_heads=96 kda_layers=[1, 2, 3, 4, 6, 7, 8] full_attn=[5]
[moe] flashinfer_mxfp4_moe_precision=default
[moe] runner_backend=MoeRunnerBackend.FLASHINFER_MXFP4 is_flashinfer_mxfp4=True is_deep_gemm=False
[boot] tp=1 attn_tp=1 world=1  is_kda_layer(4)=False  attention_arch=1 dtype=torch.bfloat16
[layer] mxfp4 quant_config=Mxfp4Config quant_format=None
[layer] UnquantizedLinearMethod from sglang.srt.layers.quantization.unquant
[layer] patched Mxfp4Config.get_quant_method: LinearBase/RadixAttention -> bf16 unquantized fallback
[layer] KimiK3DecoderLayer(layer_idx=4): self_attn=KimiK3MLAAttention (KDA=False MLA=True)  mlp=KimiK3MoE (MoE=True)
[layer] random-init 0.329B float params -> cuda/bf16/eval (MLA: absorbed kv_b_proj -> w_kc(96, 128, 512) w_vc(96, 512, 128))
[mxfp4] experts=FusedMoE tensors:
[mxfp4]   w13_weight                       (56, 6144, 1792)       torch.uint8 <- e2m1 randint
[mxfp4]   w13_weight_scale                 (56, 6144, 112)        torch.uint8 <- ue8m0 fill 127
[mxfp4]   w13_weight_bias                  (56, 6144)             torch.bfloat16 <- bias normal
[mxfp4]   w2_weight                        (56, 3584, 1536)       torch.uint8 <- e2m1 randint
[mxfp4]   w2_weight_scale                  (56, 3584, 96)         torch.uint8 <- ue8m0 fill 127
[mxfp4]   w2_weight_bias                   (56, 3584)             torch.bfloat16 <- bias normal
[mxfp4] quant_method=Mxfp4MoEMethod use_flashinfer=True use_marlin=False _fi_kernel=trtllm_sm100 precision=default
[mxfp4] quant_method.process_weights_after_loading(experts) OK
[layer] post_load_merge: front_w=(15928, 7168) fused_front_eligible=True bias_dtype=torch.float32
[moe] resolved expert method: {'class': 'Mxfp4MoEMethod', 'use_flashinfer': True, 'use_marlin': False, '_fi_kernel': 'trtllm_sm100', 'flashinfer_mxfp4_moe_precision': 'default'}

---- rung adhoc ----
/sgl-workspace/sglang/python/sglang/srt/layers/attention/flashinfer_mla_backend.py:292: UserWarning: BatchMLAPagedAttentionWrapper: backend='auto' selected 'fa2' on SM100, which is not Blackwell-native and gives poor MLA decode performance. For decode, use flashinfer.mla.trtllm_batch_decode_with_kv_cache_mla (Blackwell-native trtllm-gen); backend='cutlass' is the closest in-wrapper alternative but may be slower than this fallback for decode shapes.
  self.prefill_wrapper_paged = BatchMLAPagedAttentionWrapper(
[mla] CuteDslMLABackend built (attention_backend=cutedsl_mla page_size=64); kv=1.208GB kv_dim=576 num_head=96
/opt/sglang/lib/python3.12/site-packages/nvidia_cutlass_dsl/dsl_packages/cutlass/pipeline/helpers.py:669: UserWarning: NamedBarrier wait also arrives on the barrier. Routing call to NamedBarrier.arrive_and_wait().
  warnings.warn(
[time] B=    1 L=  1048576  us/step=  1516.54  us/tok=1516.544  kv=1.208GB  peak=3.93GB  finite=True  shape=[1, 7168]  attn=640.4us moe=708.5us norms=40.8us  floor=172.6us a/floor=3.71x
[mla] CuteDslMLABackend built (attention_backend=cutedsl_mla page_size=64); kv=0.302GB kv_dim=576 num_head=96
/opt/sglang/lib/python3.12/site-packages/nvidia_cutlass_dsl/dsl_packages/cutlass/pipeline/helpers.py:669: UserWarning: NamedBarrier wait also arrives on the barrier. Routing call to NamedBarrier.arrive_and_wait().
  warnings.warn(
[time] B=   32 L=     8192  us/step=  1494.88  us/tok=  46.715  kv=0.302GB  peak=3.87GB  finite=True  shape=[32, 7168]  attn=613.4us moe=682.3us norms=41.9us  floor=43.1us a/floor=14.22x

==============================================================================
rung              B   seq_len    us/step    us/tok     kv_GB  status
adhoc             1   1048576    1516.54  1516.544     1.208  ok  attn=640.4 moe=708.5 norms=40.8 floor=172.6 a/floor=3.71x
adhoc            32      8192    1494.88    46.715     0.302  ok  attn=613.4 moe=682.3 norms=41.9 floor=43.1 a/floor=14.22x
==============================================================================
[out] wrote /work/kimi_single_layer/result_20260922_021949.json
[rank0]:[W922 09:20:50.407575350 ProcessGroupNCCL.cpp:1624] Warning: WARNING: destroy_process_group() was not called before program exit, which can leak resources. For more info, please see https://pytorch.org/docs/stable/distributed.html#shutdown (function operator())
==== done; json -> /raid/yilegu/roofline_guided_agent/VibeSimWorkspace/scripts-local/vibesim-analysis-container/kimi_single_layer/result_20260922_021949.json ====
