==== slurm_gpu.sh on cayenne job=780 ====
CUDA_VISIBLE_DEVICES=0
allocated GPU UUID(s): GPU-c09878e8-fb6a-ff0c-3c33-05993065d679
0, GPU-c09878e8-fb6a-ff0c-3c33-05993065d679, 0 MiB
==== exec: ./run_kimi_single_layer.sh --attn-type mla --moe-backend flashinfer_mxfp4 --split --iters 30 --warmup 8 --point 1,8192 ====
==== kimi_single_layer: img=lmsysorg/sglang:v0.5.20 gpu="device=GPU-c09878e8-fb6a-ff0c-3c33-05993065d679" args=--attn-type mla --moe-backend flashinfer_mxfp4 --split --iters 30 --warmup 8 --point 1,8192 ====
--- Wrapper: Applying owner=yilegu, memory=432834647654 bytes, and cpus=28.8 ---
==============================================================================
kimi_single_layer_decode v3 (K3/MLA)  experts=56 EP=16 layer_idx=4 iters=30 warmup=8 split=True moe_backend=flashinfer_mxfp4
torch=2.13.0+cu130  dev=NVIDIA B200
sglang=0.5.20
==============================================================================
[cfg] wrote /tmp/k3_cfg/config.json  experts=56 (EP=16) top_k=16 shared=2 layers=8  moe_backend=flashinfer_mxfp4 hidden_act=situ  attn_type=mla target_layer=4 heads=96 kda_layers=[1, 2, 3, 4, 6, 7, 8] full_attn=[5]
[moe] flashinfer_mxfp4_moe_precision=default
[moe] runner_backend=MoeRunnerBackend.FLASHINFER_MXFP4 is_flashinfer_mxfp4=True is_deep_gemm=False
[boot] tp=1 attn_tp=1 world=1  is_kda_layer(4)=False  attention_arch=1 dtype=torch.bfloat16
[layer] mxfp4 quant_config=Mxfp4Config quant_format=None
[layer] UnquantizedLinearMethod from sglang.srt.layers.quantization.unquant
[layer] patched Mxfp4Config.get_quant_method: LinearBase/RadixAttention -> bf16 unquantized fallback
[layer] KimiK3DecoderLayer(layer_idx=4): self_attn=KimiK3MLAAttention (KDA=False MLA=True)  mlp=KimiK3MoE (MoE=True)
[layer] random-init 0.329B float params -> cuda/bf16/eval (MLA: no KDA conv-weight refresh)
[mxfp4] experts=FusedMoE tensors:
[mxfp4]   w13_weight                       (56, 6144, 1792)       torch.uint8 <- e2m1 randint
[mxfp4]   w13_weight_scale                 (56, 6144, 112)        torch.uint8 <- ue8m0 fill 127
[mxfp4]   w13_weight_bias                  (56, 6144)             torch.bfloat16 <- bias normal
[mxfp4]   w2_weight                        (56, 3584, 1536)       torch.uint8 <- e2m1 randint
[mxfp4]   w2_weight_scale                  (56, 3584, 96)         torch.uint8 <- ue8m0 fill 127
[mxfp4]   w2_weight_bias                   (56, 3584)             torch.bfloat16 <- bias normal
[mxfp4] quant_method=Mxfp4MoEMethod use_flashinfer=True use_marlin=False _fi_kernel=trtllm_sm100 precision=default
[mxfp4] quant_method.process_weights_after_loading(experts) OK
[moe] resolved expert method: {'class': 'Mxfp4MoEMethod', 'use_flashinfer': True, 'use_marlin': False, '_fi_kernel': 'trtllm_sm100', 'flashinfer_mxfp4_moe_precision': 'default'}

---- rung adhoc ----
[mla] TritonAttnBackend built; use_mla=True num_head=96 num_kv_head=96 v_head_dim=512 kv=0.009GB kv_dim=576
[time] B=1 L=8192 FAILED: AttributeError: 'NoneType' object has no attribute 'dtype'
Traceback (most recent call last):
  File "/work/kimi_single_layer_decode.py", line 743, in time_point
    out = call_layer(layer, fb, positions, hidden)
          ^^^^^^^^^^^^^^^^^^^^^^^^^^^^^^^^^^^^^^^^
  File "/work/kimi_single_layer_decode.py", line 678, in call_layer
    return layer.forward(
           ^^^^^^^^^^^^^^
  File "/sgl-workspace/sglang/python/sglang/srt/models/kimi_k3.py", line 2623, in forward
    hidden_states = self._run_self_attn(
                    ^^^^^^^^^^^^^^^^^^^^
  File "/sgl-workspace/sglang/python/sglang/srt/models/kimi_k3.py", line 2557, in _run_self_attn
    return self._run_self_attn_inner(
           ^^^^^^^^^^^^^^^^^^^^^^^^^^
  File "/sgl-workspace/sglang/python/sglang/srt/models/kimi_k3.py", line 2580, in _run_self_attn_inner
    result = self.self_attn(
             ^^^^^^^^^^^^^^^
  File "/opt/sglang/lib/python3.12/site-packages/torch/nn/modules/module.py", line 1778, in _wrapped_call_impl
    return self._call_impl(*args, **kwargs)
           ^^^^^^^^^^^^^^^^^^^^^^^^^^^^^^^^
  File "/opt/sglang/lib/python3.12/site-packages/torch/nn/modules/module.py", line 1789, in _call_impl
    return forward_call(*args, **kwargs)
           ^^^^^^^^^^^^^^^^^^^^^^^^^^^^^
  File "/sgl-workspace/sglang/python/sglang/srt/models/kimi_k3.py", line 2295, in forward
    return super().forward(
           ^^^^^^^^^^^^^^^^
  File "/sgl-workspace/sglang/python/sglang/srt/models/deepseek_v2.py", line 2049, in forward
    s = self.forward_prepare(
        ^^^^^^^^^^^^^^^^^^^^^
  File "/sgl-workspace/sglang/python/sglang/srt/models/deepseek_v2.py", line 2107, in forward_prepare
    inner_state = self.forward_absorb_prepare(
                  ^^^^^^^^^^^^^^^^^^^^^^^^^^^^
  File "/sgl-workspace/sglang/python/sglang/srt/models/deepseek_common/attention_forward_methods/forward_mla.py", line 544, in forward_absorb_prepare
    elif self.w_kc.dtype == torch.float8_e4m3fn:
         ^^^^^^^^^^^^^^^
AttributeError: 'NoneType' object has no attribute 'dtype'


==============================================================================
rung              B   seq_len    us/step    us/tok     kv_GB  status
adhoc             1      8192          -         -         -  FAIL AttributeError: 'NoneType' object has no attribute 'dtype'
==============================================================================
[out] wrote /work/kimi_single_layer/result_mla_smoke_20260921_235406.json
[rank0]:[W922 06:54:34.034230344 ProcessGroupNCCL.cpp:1624] Warning: WARNING: destroy_process_group() was not called before program exit, which can leak resources. For more info, please see https://pytorch.org/docs/stable/distributed.html#shutdown (function operator())
==== done; json -> /raid/yilegu/roofline_guided_agent/VibeSimWorkspace/scripts-local/vibesim-analysis-container/kimi_single_layer/result_20260921_235406.json ====
