==== slurm_gpu.sh on cayenne job=871 ====
CUDA_VISIBLE_DEVICES=0
allocated GPU UUID(s): GPU-80a5aff5-a08d-330c-01d0-6410529a0c69
0, GPU-80a5aff5-a08d-330c-01d0-6410529a0c69, 0 MiB
==== exec: ./run_kimi_single_layer.sh --point 32,8192;128,8192 --split --attn-type kda --moe-backend flashinfer_mxfp4 --attn-heads 12 --mamba-ssm-dtype bfloat16 --experts 112 --ep 8 --cuda-graph --iters 40 --profile-kernels /work/kimi_single_layer/profiles/kda_prod_v2.json ====
==== kimi_single_layer: img=lmsysorg/sglang:v0.5.20 gpu="device=GPU-80a5aff5-a08d-330c-01d0-6410529a0c69" args=--point 32,8192;128,8192 --split --attn-type kda --moe-backend flashinfer_mxfp4 --attn-heads 12 --mamba-ssm-dtype bfloat16 --experts 112 --ep 8 --cuda-graph --iters 40 --profile-kernels /work/kimi_single_layer/profiles/kda_prod_v2.json ====
--- Wrapper: Applying owner=yilegu, memory=432834647654 bytes, and cpus=28.8 ---
==============================================================================
kimi_single_layer_decode v3 (K3/KDA)  experts=112 EP=8 layer_idx=5 iters=40 warmup=20 split=True moe_backend=flashinfer_mxfp4 attention_backend=n/a page_size=1 attn_heads=12 cuda_graph=True kv_cache_dtype=bf16 mamba_ssm_dtype=bfloat16
torch=2.13.0+cu130  dev=NVIDIA B200
sglang=0.5.20
==============================================================================
[cfg] wrote /tmp/k3_cfg/config.json  experts=112 (EP=8) top_k=16 shared=2 layers=8  moe_backend=flashinfer_mxfp4 hidden_act=situ  attn_type=kda target_layer=5 mla_heads=64 kda_heads=12 kda_layers=[1, 2, 3, 4, 5, 6, 7, 8] full_attn=[]
[moe] flashinfer_mxfp4_moe_precision=default
[moe] runner_backend=MoeRunnerBackend.FLASHINFER_MXFP4 is_flashinfer_mxfp4=True is_deep_gemm=False
[boot] tp=1 attn_tp=1 world=1  is_kda_layer(5)=True  attention_arch=1 dtype=torch.bfloat16
[layer] mxfp4 quant_config=Mxfp4Config quant_format=None
[layer] UnquantizedLinearMethod from sglang.srt.layers.quantization.unquant
[layer] patched Mxfp4Config.get_quant_method: LinearBase/RadixAttention -> bf16 unquantized fallback
[layer] KimiK3DecoderLayer(layer_idx=5): self_attn=KimiK3DeltaAttention (KDA=True MLA=False)  mlp=KimiK3MoE (MoE=True)
[layer] float params=0.242B (fp32 kept: 0.02M)
[layer] random-init 0.242B float params -> cuda/bf16/eval; conv_weights refreshed dev=cuda:0
[mxfp4] experts=FusedMoE tensors:
[mxfp4]   w13_weight                       (112, 6144, 1792)      torch.uint8 <- e2m1 randint
[mxfp4]   w13_weight_scale                 (112, 6144, 112)       torch.uint8 <- ue8m0 fill 127
[mxfp4]   w13_weight_bias                  (112, 6144)            torch.bfloat16 <- bias normal
[mxfp4]   w2_weight                        (112, 3584, 1536)      torch.uint8 <- e2m1 randint
[mxfp4]   w2_weight_scale                  (112, 3584, 96)        torch.uint8 <- ue8m0 fill 127
[mxfp4]   w2_weight_bias                   (112, 3584)            torch.bfloat16 <- bias normal
[mxfp4] quant_method=Mxfp4MoEMethod use_flashinfer=True use_marlin=False _fi_kernel=trtllm_sm100 precision=default
[mxfp4] quant_method.process_weights_after_loading(experts) OK
[layer] post_load_merge: front_w=(15984, 7168) fused_front_eligible=True bias_dtype=torch.float32 bfa_w=True kda_fused_decode_ready=True
[moe] resolved expert method: {'class': 'Mxfp4MoEMethod', 'use_flashinfer': True, 'use_marlin': False, '_fi_kernel': 'trtllm_sm100', 'flashinfer_mxfp4_moe_precision': 'default'}

---- rung adhoc ----
[kda] KDAAttnBackend built; conv=(33, 3, 4608)/torch.bfloat16 temporal=(33, 12, 128, 128)/torch.float32 state=26.86MB/slot-set
USDT:2026-09-22 18:53:15 1:1 SyncActivityProfilerHandler.cpp:52] profiler_start
USDT:2026-09-22 18:53:15 1:1 SyncActivityProfilerHandler.cpp:59] profiler_stop
[profile] /work/kimi_single_layer/profiles/kda_prod_v2_B32_L8192.json: 24 launches/step, kernel sum 397.6us (latency 353.7us graph)
[time] B=   32 L=     8192  us/step=   925.66  us/tok=  28.927  state=26.9MB  peak=6.97GB  finite=True  shape=[32, 7168]  GRAPH us/step=353.7 (x2.62 vs eager, meta_prep=37.2us finite=True)  attn=124.1us moe=622.1us norms=35.6us
JSON {"B": 32, "seq_len": 8192, "ok": true, "latency_us": 353.7279963493347, "latency_mode": "graph", "us_step": 925.6640076637268, "us_step_graph": 353.7279963493347, "us_attn": 124.12799894809723, "us_moe": 622.1439838409424, "us_norms": 35.58399900794029, "finite": true, "graph_finite": true, "attention_backend": null, "attn_heads": 12, "seed": 0, "error": null, "point": [32, 8192]}
[kda] KDAAttnBackend built; conv=(129, 3, 4608)/torch.bfloat16 temporal=(129, 12, 128, 128)/torch.float32 state=105.02MB/slot-set
USDT:2026-09-22 18:53:26 1:1 SyncActivityProfilerHandler.cpp:52] profiler_start
USDT:2026-09-22 18:53:26 1:1 SyncActivityProfilerHandler.cpp:59] profiler_stop
[profile] /work/kimi_single_layer/profiles/kda_prod_v2_B128_L8192.json: 23 launches/step, kernel sum 672.8us (latency 625.1us graph)
[time] B=  128 L=     8192  us/step=  1006.98  us/tok=   7.867  state=105.0MB  peak=2.85GB  finite=True  shape=[128, 7168]  GRAPH us/step=625.1 (x1.61 vs eager, meta_prep=51.1us finite=True)  attn=148.0us moe=689.6us norms=41.8us
JSON {"B": 128, "seq_len": 8192, "ok": true, "latency_us": 625.1199841499329, "latency_mode": "graph", "us_step": 1006.9760084152222, "us_step_graph": 625.1199841499329, "us_attn": 147.96799421310425, "us_moe": 689.631998538971, "us_norms": 41.79200157523155, "finite": true, "graph_finite": true, "attention_backend": null, "attn_heads": 12, "seed": 0, "error": null, "point": [128, 8192]}

==============================================================================
rung              B   seq_len    us/step    us/tok  state_MB  status
adhoc            32      8192     925.66    28.927    26.865  ok  attn=124.1 moe=622.1 norms=35.6  graph=353.7us (x2.62) meta=37.2
adhoc           128      8192    1006.98     7.867   105.016  ok  attn=148.0 moe=689.6 norms=41.8  graph=625.1us (x1.61) meta=51.1
==============================================================================
[out] wrote /work/kimi_single_layer/result_20260922_115215.json
[rank0]:[W922 18:53:27.238533824 ProcessGroupNCCL.cpp:1624] Warning: WARNING: destroy_process_group() was not called before program exit, which can leak resources. For more info, please see https://pytorch.org/docs/stable/distributed.html#shutdown (function operator())
==== done; json -> /raid/yilegu/roofline_guided_agent/VibeSimWorkspace/scripts-local/vibesim-analysis-container/kimi_single_layer/result_20260922_115215.json ====
