==== slurm_gpu.sh on cayenne job=783 ====
CUDA_VISIBLE_DEVICES=0
allocated GPU UUID(s): GPU-c09878e8-fb6a-ff0c-3c33-05993065d679
0, GPU-c09878e8-fb6a-ff0c-3c33-05993065d679, 0 MiB
==== exec: ./run_kimi_single_layer.sh --attn-type mla --moe-backend flashinfer_mxfp4 --split --iters 60 --warmup 15 ====
==== kimi_single_layer: img=lmsysorg/sglang:v0.5.20 gpu="device=GPU-c09878e8-fb6a-ff0c-3c33-05993065d679" args=--attn-type mla --moe-backend flashinfer_mxfp4 --split --iters 60 --warmup 15 ====
--- Wrapper: Applying owner=yilegu, memory=432834647654 bytes, and cpus=28.8 ---
==============================================================================
kimi_single_layer_decode v3 (K3/MLA)  experts=56 EP=16 layer_idx=4 iters=60 warmup=15 split=True moe_backend=flashinfer_mxfp4
torch=2.13.0+cu130  dev=NVIDIA B200
sglang=0.5.20
==============================================================================
[cfg] wrote /tmp/k3_cfg/config.json  experts=56 (EP=16) top_k=16 shared=2 layers=8  moe_backend=flashinfer_mxfp4 hidden_act=situ  attn_type=mla target_layer=4 heads=96 kda_layers=[1, 2, 3, 4, 6, 7, 8] full_attn=[5]
[moe] flashinfer_mxfp4_moe_precision=default
[moe] runner_backend=MoeRunnerBackend.FLASHINFER_MXFP4 is_flashinfer_mxfp4=True is_deep_gemm=False
[boot] tp=1 attn_tp=1 world=1  is_kda_layer(4)=False  attention_arch=1 dtype=torch.bfloat16
[layer] mxfp4 quant_config=Mxfp4Config quant_format=None
[layer] UnquantizedLinearMethod from sglang.srt.layers.quantization.unquant
[layer] patched Mxfp4Config.get_quant_method: LinearBase/RadixAttention -> bf16 unquantized fallback
[layer] KimiK3DecoderLayer(layer_idx=4): self_attn=KimiK3MLAAttention (KDA=False MLA=True)  mlp=KimiK3MoE (MoE=True)
[layer] random-init 0.329B float params -> cuda/bf16/eval (MLA: absorbed kv_b_proj -> w_kc(96, 128, 512) w_vc(96, 512, 128))
[mxfp4] experts=FusedMoE tensors:
[mxfp4]   w13_weight                       (56, 6144, 1792)       torch.uint8 <- e2m1 randint
[mxfp4]   w13_weight_scale                 (56, 6144, 112)        torch.uint8 <- ue8m0 fill 127
[mxfp4]   w13_weight_bias                  (56, 6144)             torch.bfloat16 <- bias normal
[mxfp4]   w2_weight                        (56, 3584, 1536)       torch.uint8 <- e2m1 randint
[mxfp4]   w2_weight_scale                  (56, 3584, 96)         torch.uint8 <- ue8m0 fill 127
[mxfp4]   w2_weight_bias                   (56, 3584)             torch.bfloat16 <- bias normal
[mxfp4] quant_method=Mxfp4MoEMethod use_flashinfer=True use_marlin=False _fi_kernel=trtllm_sm100 precision=default
[mxfp4] quant_method.process_weights_after_loading(experts) OK
[moe] resolved expert method: {'class': 'Mxfp4MoEMethod', 'use_flashinfer': True, 'use_marlin': False, '_fi_kernel': 'trtllm_sm100', 'flashinfer_mxfp4_moe_precision': 'default'}

---- rung a_smoke ----
[mla] TritonAttnBackend built; use_mla=True num_head=96 num_kv_head=96 v_head_dim=512 kv=0.005GB kv_dim=576
/sgl-workspace/sglang/python/sglang/srt/environ.py:83: UserWarning: Invalid value for SGLANG_DISABLE_LEAN_ATTENTION: "" is not a valid boolean value, using default "False"
  warnings.warn(
/sgl-workspace/sglang/python/sglang/srt/environ.py:83: UserWarning: Invalid value for SGLANG_DISABLE_LEAN_ATTENTION: "" is not a valid boolean value, using default "False"
  warnings.warn(
[time] B=    1 L=     4096  us/step=  1269.89  us/tok=1269.888  kv=0.005GB  peak=3.93GB  finite=True  shape=[1, 7168]  attn=435.9us moe=624.4us norms=35.7us  floor=0.7us a/floor=646.66x

---- rung b_ctxsweep ----
[mla] TritonAttnBackend built; use_mla=True num_head=96 num_kv_head=96 v_head_dim=512 kv=0.005GB kv_dim=576
[time] B=    1 L=     4096  us/step=  1246.56  us/tok=1246.560  kv=0.005GB  peak=1.76GB  finite=True  shape=[1, 7168]  attn=429.3us moe=627.3us norms=35.7us  floor=0.7us a/floor=636.88x
[mla] TritonAttnBackend built; use_mla=True num_head=96 num_kv_head=96 v_head_dim=512 kv=0.009GB kv_dim=576
[time] B=    1 L=     8192  us/step=  1244.48  us/tok=1244.480  kv=0.009GB  peak=1.77GB  finite=True  shape=[1, 7168]  attn=422.3us moe=631.4us norms=35.8us  floor=1.3us a/floor=313.24x
[mla] TritonAttnBackend built; use_mla=True num_head=96 num_kv_head=96 v_head_dim=512 kv=0.019GB kv_dim=576
[time] B=    1 L=    16384  us/step=  1233.57  us/tok=1233.568  kv=0.019GB  peak=1.78GB  finite=True  shape=[1, 7168]  attn=430.5us moe=629.9us norms=35.8us  floor=2.7us a/floor=159.65x
[mla] TritonAttnBackend built; use_mla=True num_head=96 num_kv_head=96 v_head_dim=512 kv=0.075GB kv_dim=576
[time] B=    1 L=    65536  us/step=  1231.90  us/tok=1231.904  kv=0.075GB  peak=1.84GB  finite=True  shape=[1, 7168]  attn=551.5us moe=631.3us norms=35.4us  floor=10.8us a/floor=51.13x
[mla] TritonAttnBackend built; use_mla=True num_head=96 num_kv_head=96 v_head_dim=512 kv=0.302GB kv_dim=576
[time] B=    1 L=   262144  us/step=  2048.38  us/tok=2048.384  kv=0.302GB  peak=2.07GB  finite=True  shape=[1, 7168]  attn=1888.6us moe=639.4us norms=35.6us  floor=43.1us a/floor=43.78x
[mla] TritonAttnBackend built; use_mla=True num_head=96 num_kv_head=96 v_head_dim=512 kv=1.208GB kv_dim=576
[time] B=    1 L=  1048576  us/step=  6502.72  us/tok=6502.720  kv=1.208GB  peak=2.98GB  finite=True  shape=[1, 7168]  attn=6341.0us moe=631.7us norms=37.1us  floor=172.6us a/floor=36.75x

---- rung c_batchsweep ----
[mla] TritonAttnBackend built; use_mla=True num_head=96 num_kv_head=96 v_head_dim=512 kv=0.075GB kv_dim=576
[time] B=    8 L=     8192  us/step=  1261.73  us/tok= 157.716  kv=0.075GB  peak=2.98GB  finite=True  shape=[8, 7168]  attn=526.8us moe=633.8us norms=35.0us  floor=10.8us a/floor=48.84x
[mla] TritonAttnBackend built; use_mla=True num_head=96 num_kv_head=96 v_head_dim=512 kv=0.151GB kv_dim=576
[time] B=   16 L=     8192  us/step=  1262.94  us/tok=  78.934  kv=0.151GB  peak=2.67GB  finite=True  shape=[16, 7168]  attn=954.7us moe=637.3us norms=37.8us  floor=21.6us a/floor=44.26x
[mla] TritonAttnBackend built; use_mla=True num_head=96 num_kv_head=96 v_head_dim=512 kv=0.302GB kv_dim=576
[time] B=   32 L=     8192  us/step=  1359.46  us/tok=  42.483  kv=0.302GB  peak=3.64GB  finite=True  shape=[32, 7168]  attn=1096.1us moe=646.5us norms=35.8us  floor=43.1us a/floor=25.41x
[mla] TritonAttnBackend built; use_mla=True num_head=96 num_kv_head=96 v_head_dim=512 kv=0.377GB kv_dim=576
[time] B=   40 L=     8192  us/step=  1421.50  us/tok=  35.538  kv=0.377GB  peak=4.12GB  finite=True  shape=[40, 7168]  attn=1127.8us moe=634.2us norms=36.2us  floor=53.9us a/floor=20.91x

==============================================================================
rung              B   seq_len    us/step    us/tok     kv_GB  status
a_smoke           1      4096    1269.89  1269.888     0.005  ok  attn=435.9 moe=624.4 norms=35.7 floor=0.7 a/floor=646.66x
b_ctxsweep        1      4096    1246.56  1246.560     0.005  ok  attn=429.3 moe=627.3 norms=35.7 floor=0.7 a/floor=636.88x
b_ctxsweep        1      8192    1244.48  1244.480     0.009  ok  attn=422.3 moe=631.4 norms=35.8 floor=1.3 a/floor=313.24x
b_ctxsweep        1     16384    1233.57  1233.568     0.019  ok  attn=430.5 moe=629.9 norms=35.8 floor=2.7 a/floor=159.65x
b_ctxsweep        1     65536    1231.90  1231.904     0.075  ok  attn=551.5 moe=631.3 norms=35.4 floor=10.8 a/floor=51.13x
b_ctxsweep        1    262144    2048.38  2048.384     0.302  ok  attn=1888.6 moe=639.4 norms=35.6 floor=43.1 a/floor=43.78x
b_ctxsweep        1   1048576    6502.72  6502.720     1.208  ok  attn=6341.0 moe=631.7 norms=37.1 floor=172.6 a/floor=36.75x
c_batchsweep      8      8192    1261.73   157.716     0.075  ok  attn=526.8 moe=633.8 norms=35.0 floor=10.8 a/floor=48.84x
c_batchsweep     16      8192    1262.94    78.934     0.151  ok  attn=954.7 moe=637.3 norms=37.8 floor=21.6 a/floor=44.26x
c_batchsweep     32      8192    1359.46    42.483     0.302  ok  attn=1096.1 moe=646.5 norms=35.8 floor=43.1 a/floor=25.41x
c_batchsweep     40      8192    1421.50    35.538     0.377  ok  attn=1127.8 moe=634.2 norms=36.2 floor=53.9 a/floor=20.91x
==============================================================================
[out] wrote /work/kimi_single_layer/result_mla_20260921_235922.json
[rank0]:[W922 07:00:05.556898139 ProcessGroupNCCL.cpp:1624] Warning: WARNING: destroy_process_group() was not called before program exit, which can leak resources. For more info, please see https://pytorch.org/docs/stable/distributed.html#shutdown (function operator())
==== done; json -> /raid/yilegu/roofline_guided_agent/VibeSimWorkspace/scripts-local/vibesim-analysis-container/kimi_single_layer/result_20260921_235922.json ====
