==== slurm_gpu.sh on cayenne job=802 ====
CUDA_VISIBLE_DEVICES=0
allocated GPU UUID(s): GPU-17dce9e8-fd5a-2fcc-3847-dc31ae451efc
0, GPU-17dce9e8-fd5a-2fcc-3847-dc31ae451efc, 0 MiB
==== exec: ./run_kimi_single_layer.sh --point 1,1048576;16,65536;32,8192 --split --attn-type mla --moe-backend flashinfer_mxfp4 --attention-backend triton --iters 60 ====
==== kimi_single_layer: img=lmsysorg/sglang:v0.5.20 gpu="device=GPU-17dce9e8-fd5a-2fcc-3847-dc31ae451efc" args=--point 1,1048576;16,65536;32,8192 --split --attn-type mla --moe-backend flashinfer_mxfp4 --attention-backend triton --iters 60 ====
--- Wrapper: Applying owner=yilegu, memory=432834647654 bytes, and cpus=28.8 ---
==============================================================================
kimi_single_layer_decode v3 (K3/MLA)  experts=56 EP=16 layer_idx=4 iters=60 warmup=20 split=True moe_backend=flashinfer_mxfp4 attention_backend=triton
torch=2.13.0+cu130  dev=NVIDIA B200
sglang=0.5.20
==============================================================================
[cfg] wrote /tmp/k3_cfg/config.json  experts=56 (EP=16) top_k=16 shared=2 layers=8  moe_backend=flashinfer_mxfp4 hidden_act=situ  attn_type=mla target_layer=4 heads=96 kda_layers=[1, 2, 3, 4, 6, 7, 8] full_attn=[5]
[moe] flashinfer_mxfp4_moe_precision=default
[moe] runner_backend=MoeRunnerBackend.FLASHINFER_MXFP4 is_flashinfer_mxfp4=True is_deep_gemm=False
[boot] tp=1 attn_tp=1 world=1  is_kda_layer(4)=False  attention_arch=1 dtype=torch.bfloat16
[layer] mxfp4 quant_config=Mxfp4Config quant_format=None
[layer] UnquantizedLinearMethod from sglang.srt.layers.quantization.unquant
[layer] patched Mxfp4Config.get_quant_method: LinearBase/RadixAttention -> bf16 unquantized fallback
[layer] KimiK3DecoderLayer(layer_idx=4): self_attn=KimiK3MLAAttention (KDA=False MLA=True)  mlp=KimiK3MoE (MoE=True)
[layer] random-init 0.329B float params -> cuda/bf16/eval (MLA: absorbed kv_b_proj -> w_kc(96, 128, 512) w_vc(96, 512, 128))
[mxfp4] experts=FusedMoE tensors:
[mxfp4]   w13_weight                       (56, 6144, 1792)       torch.uint8 <- e2m1 randint
[mxfp4]   w13_weight_scale                 (56, 6144, 112)        torch.uint8 <- ue8m0 fill 127
[mxfp4]   w13_weight_bias                  (56, 6144)             torch.bfloat16 <- bias normal
[mxfp4]   w2_weight                        (56, 3584, 1536)       torch.uint8 <- e2m1 randint
[mxfp4]   w2_weight_scale                  (56, 3584, 96)         torch.uint8 <- ue8m0 fill 127
[mxfp4]   w2_weight_bias                   (56, 3584)             torch.bfloat16 <- bias normal
[mxfp4] quant_method=Mxfp4MoEMethod use_flashinfer=True use_marlin=False _fi_kernel=trtllm_sm100 precision=default
[mxfp4] quant_method.process_weights_after_loading(experts) OK
[layer] post_load_merge: front_w=(15928, 7168) fused_front_eligible=True bias_dtype=torch.float32
[moe] resolved expert method: {'class': 'Mxfp4MoEMethod', 'use_flashinfer': True, 'use_marlin': False, '_fi_kernel': 'trtllm_sm100', 'flashinfer_mxfp4_moe_precision': 'default'}

---- rung adhoc ----
[mla] TritonAttnBackend built (attention_backend=triton); kv=1.208GB kv_dim=576 num_head=96
/sgl-workspace/sglang/python/sglang/srt/environ.py:83: UserWarning: Invalid value for SGLANG_DISABLE_LEAN_ATTENTION: "" is not a valid boolean value, using default "False"
  warnings.warn(
/sgl-workspace/sglang/python/sglang/srt/environ.py:83: UserWarning: Invalid value for SGLANG_DISABLE_LEAN_ATTENTION: "" is not a valid boolean value, using default "False"
  warnings.warn(
[time] B=    1 L=  1048576  us/step=  6459.58  us/tok=6459.584  kv=1.208GB  peak=3.93GB  finite=True  shape=[1, 7168]  attn=6320.4us moe=580.0us norms=35.6us  floor=172.6us a/floor=36.63x
[mla] TritonAttnBackend built (attention_backend=triton); kv=1.208GB kv_dim=576 num_head=96
[time] B=   16 L=    65536  us/step=  6952.26  us/tok= 434.516  kv=1.208GB  peak=3.74GB  finite=True  shape=[16, 7168]  attn=6762.0us moe=584.8us norms=36.8us  floor=172.6us a/floor=39.18x
[mla] TritonAttnBackend built (attention_backend=triton); kv=0.302GB kv_dim=576 num_head=96
[time] B=   32 L=     8192  us/step=  1335.78  us/tok=  41.743  kv=0.302GB  peak=3.73GB  finite=True  shape=[32, 7168]  attn=1097.9us moe=587.1us norms=35.4us  floor=43.1us a/floor=25.45x

==============================================================================
rung              B   seq_len    us/step    us/tok     kv_GB  status
adhoc             1   1048576    6459.58  6459.584     1.208  ok  attn=6320.4 moe=580.0 norms=35.6 floor=172.6 a/floor=36.63x
adhoc            16     65536    6952.26   434.516     1.208  ok  attn=6762.0 moe=584.8 norms=36.8 floor=172.6 a/floor=39.18x
adhoc            32      8192    1335.78    41.743     0.302  ok  attn=1097.9 moe=587.1 norms=35.4 floor=43.1 a/floor=25.45x
==============================================================================
[out] wrote /work/kimi_single_layer/result_20260922_021125.json
[rank0]:[W922 09:12:08.125154110 ProcessGroupNCCL.cpp:1624] Warning: WARNING: destroy_process_group() was not called before program exit, which can leak resources. For more info, please see https://pytorch.org/docs/stable/distributed.html#shutdown (function operator())
==== done; json -> /raid/yilegu/roofline_guided_agent/VibeSimWorkspace/scripts-local/vibesim-analysis-container/kimi_single_layer/result_20260922_021125.json ====
