==== slurm_gpu.sh on cayenne job=798 ====
CUDA_VISIBLE_DEVICES=0
allocated GPU UUID(s): GPU-17dce9e8-fd5a-2fcc-3847-dc31ae451efc
0, GPU-17dce9e8-fd5a-2fcc-3847-dc31ae451efc, 4 MiB
==== exec: ./run_kimi_single_layer.sh --split --attn-type kda --moe-backend flashinfer_mxfp4 ====
==== kimi_single_layer: img=lmsysorg/sglang:v0.5.20 gpu="device=GPU-17dce9e8-fd5a-2fcc-3847-dc31ae451efc" args=--split --attn-type kda --moe-backend flashinfer_mxfp4 ====
--- Wrapper: Applying owner=yilegu, memory=432834647654 bytes, and cpus=28.8 ---
==============================================================================
kimi_single_layer_decode v3 (K3/KDA)  experts=56 EP=16 layer_idx=5 iters=100 warmup=20 split=True moe_backend=flashinfer_mxfp4
torch=2.13.0+cu130  dev=NVIDIA B200
sglang=0.5.20
==============================================================================
[cfg] wrote /tmp/k3_cfg/config.json  experts=56 (EP=16) top_k=16 shared=2 layers=8  moe_backend=flashinfer_mxfp4 hidden_act=situ  attn_type=kda target_layer=5 heads=64 kda_layers=[1, 2, 3, 4, 5, 6, 7, 8] full_attn=[]
[moe] flashinfer_mxfp4_moe_precision=default
[moe] runner_backend=MoeRunnerBackend.FLASHINFER_MXFP4 is_flashinfer_mxfp4=True is_deep_gemm=False
[boot] tp=1 attn_tp=1 world=1  is_kda_layer(5)=True  attention_arch=1 dtype=torch.bfloat16
[layer] mxfp4 quant_config=Mxfp4Config quant_format=None
[layer] UnquantizedLinearMethod from sglang.srt.layers.quantization.unquant
[layer] patched Mxfp4Config.get_quant_method: LinearBase/RadixAttention -> bf16 unquantized fallback
[layer] KimiK3DecoderLayer(layer_idx=5): self_attn=KimiK3DeltaAttention (KDA=True MLA=False)  mlp=KimiK3MoE (MoE=True)
[layer] random-init 0.543B float params -> cuda/bf16/eval; conv_weights refreshed dev=cuda:0
[mxfp4] experts=FusedMoE tensors:
[mxfp4]   w13_weight                       (56, 6144, 1792)       torch.uint8 <- e2m1 randint
[mxfp4]   w13_weight_scale                 (56, 6144, 112)        torch.uint8 <- ue8m0 fill 127
[mxfp4]   w13_weight_bias                  (56, 6144)             torch.bfloat16 <- bias normal
[mxfp4]   w2_weight                        (56, 3584, 1536)       torch.uint8 <- e2m1 randint
[mxfp4]   w2_weight_scale                  (56, 3584, 96)         torch.uint8 <- ue8m0 fill 127
[mxfp4]   w2_weight_bias                   (56, 3584)             torch.bfloat16 <- bias normal
[mxfp4] quant_method=Mxfp4MoEMethod use_flashinfer=True use_marlin=False _fi_kernel=trtllm_sm100 precision=default
[mxfp4] quant_method.process_weights_after_loading(experts) OK
[moe] resolved expert method: {'class': 'Mxfp4MoEMethod', 'use_flashinfer': True, 'use_marlin': False, '_fi_kernel': 'trtllm_sm100', 'flashinfer_mxfp4_moe_precision': 'default'}

---- rung a_smoke ----
[kda] KDAAttnBackend built; conv=(2, 3, 36864)/torch.bfloat16 temporal=(2, 96, 128, 128)/torch.float32 state=13.03MB/slot-set
/opt/sglang/lib/python3.12/site-packages/triton/language/core.py:2284: UserWarning: tl.make_block_ptr is deprecated. Use TensorDescriptor or tl.make_tensor_descriptor instead.
  warn("tl.make_block_ptr is deprecated. Use TensorDescriptor or tl.make_tensor_descriptor instead.")
[time] B=    1 L=     4096  us/step=  1314.53  us/tok=1314.528  state=13.0MB  peak=4.33GB  finite=True  shape=[1, 7168]  attn=376.1us moe=693.2us norms=40.5us

---- rung b_graphbs ----
[kda] KDAAttnBackend built; conv=(2, 3, 36864)/torch.bfloat16 temporal=(2, 96, 128, 128)/torch.float32 state=13.03MB/slot-set
[time] B=    1 L=     8192  us/step=  1315.78  us/tok=1315.776  state=13.0MB  peak=2.14GB  finite=True  shape=[1, 7168]  attn=368.0us moe=709.0us norms=41.7us
[kda] KDAAttnBackend built; conv=(3, 3, 36864)/torch.bfloat16 temporal=(3, 96, 128, 128)/torch.float32 state=19.54MB/slot-set
[time] B=    2 L=     8192  us/step=  1341.22  us/tok= 670.608  state=19.5MB  peak=2.17GB  finite=True  shape=[2, 7168]  attn=393.6us moe=710.2us norms=42.8us
[kda] KDAAttnBackend built; conv=(5, 3, 36864)/torch.bfloat16 temporal=(5, 96, 128, 128)/torch.float32 state=32.56MB/slot-set
[time] B=    4 L=     8192  us/step=  1323.36  us/tok= 330.840  state=32.6MB  peak=2.20GB  finite=True  shape=[4, 7168]  attn=397.5us moe=719.3us norms=40.5us
[kda] KDAAttnBackend built; conv=(9, 3, 36864)/torch.bfloat16 temporal=(9, 96, 128, 128)/torch.float32 state=58.61MB/slot-set
[time] B=    8 L=     8192  us/step=  1329.41  us/tok= 166.176  state=58.6MB  peak=2.29GB  finite=True  shape=[8, 7168]  attn=396.6us moe=717.0us norms=43.8us
[kda] KDAAttnBackend built; conv=(17, 3, 36864)/torch.bfloat16 temporal=(17, 96, 128, 128)/torch.float32 state=110.71MB/slot-set
[time] B=   16 L=     8192  us/step=  1326.43  us/tok=  82.902  state=110.7MB  peak=2.45GB  finite=True  shape=[16, 7168]  attn=388.5us moe=726.0us norms=40.9us
[kda] KDAAttnBackend built; conv=(25, 3, 36864)/torch.bfloat16 temporal=(25, 96, 128, 128)/torch.float32 state=162.82MB/slot-set
[time] B=   24 L=     8192  us/step=  1339.78  us/tok=  55.824  state=162.8MB  peak=2.60GB  finite=True  shape=[24, 7168]  attn=399.6us moe=744.8us norms=40.3us
[kda] KDAAttnBackend built; conv=(33, 3, 36864)/torch.bfloat16 temporal=(33, 96, 128, 128)/torch.float32 state=214.92MB/slot-set
[time] B=   32 L=     8192  us/step=  1348.86  us/tok=  42.152  state=214.9MB  peak=2.87GB  finite=True  shape=[32, 7168]  attn=407.9us moe=721.4us norms=40.0us
[kda] KDAAttnBackend built; conv=(41, 3, 36864)/torch.bfloat16 temporal=(41, 96, 128, 128)/torch.float32 state=267.02MB/slot-set
[time] B=   40 L=     8192  us/step=  1386.85  us/tok=  34.671  state=267.0MB  peak=3.02GB  finite=True  shape=[40, 7168]  attn=441.7us moe=768.4us norms=42.4us
[kda] KDAAttnBackend built; conv=(49, 3, 36864)/torch.bfloat16 temporal=(49, 96, 128, 128)/torch.float32 state=319.12MB/slot-set
[time] B=   48 L=     8192  us/step=  1315.17  us/tok=  27.399  state=319.1MB  peak=3.39GB  finite=True  shape=[48, 7168]  attn=386.1us moe=730.5us norms=42.7us

---- rung c_ctxflat ----
[kda] KDAAttnBackend built; conv=(2, 3, 36864)/torch.bfloat16 temporal=(2, 96, 128, 128)/torch.float32 state=13.03MB/slot-set
[time] B=    1 L=  1048576  us/step=  1332.67  us/tok=1332.672  state=13.0MB  peak=3.11GB  finite=True  shape=[1, 7168]  attn=368.0us moe=694.3us norms=40.6us

==============================================================================
rung              B   seq_len    us/step    us/tok  state_MB  status
a_smoke           1      4096    1314.53  1314.528    13.025  ok  attn=376.1 moe=693.2 norms=40.5
b_graphbs         1      8192    1315.78  1315.776    13.025  ok  attn=368.0 moe=709.0 norms=41.7
b_graphbs         2      8192    1341.22   670.608    19.538  ok  attn=393.6 moe=710.2 norms=42.8
b_graphbs         4      8192    1323.36   330.840    32.563  ok  attn=397.5 moe=719.3 norms=40.5
b_graphbs         8      8192    1329.41   166.176    58.614  ok  attn=396.6 moe=717.0 norms=43.8
b_graphbs        16      8192    1326.43    82.902   110.715  ok  attn=388.5 moe=726.0 norms=40.9
b_graphbs        24      8192    1339.78    55.824   162.816  ok  attn=399.6 moe=744.8 norms=40.3
b_graphbs        32      8192    1348.86    42.152   214.917  ok  attn=407.9 moe=721.4 norms=40.0
b_graphbs        40      8192    1386.85    34.671   267.018  ok  attn=441.7 moe=768.4 norms=42.4
b_graphbs        48      8192    1315.17    27.399   319.119  ok  attn=386.1 moe=730.5 norms=42.7
c_ctxflat         1   1048576    1332.67  1332.672    13.025  ok  attn=368.0 moe=694.3 norms=40.6
==============================================================================
[out] wrote /work/kimi_single_layer/result_20260922_010857.json
[rank0]:[W922 08:09:46.585741146 ProcessGroupNCCL.cpp:1624] Warning: WARNING: destroy_process_group() was not called before program exit, which can leak resources. For more info, please see https://pytorch.org/docs/stable/distributed.html#shutdown (function operator())
==== done; json -> /raid/yilegu/roofline_guided_agent/VibeSimWorkspace/scripts-local/vibesim-analysis-container/kimi_single_layer/result_20260922_010857.json ====
