==== slurm_gpu.sh on cayenne job=806 ====
CUDA_VISIBLE_DEVICES=0
allocated GPU UUID(s): GPU-c09878e8-fb6a-ff0c-3c33-05993065d679
0, GPU-c09878e8-fb6a-ff0c-3c33-05993065d679, 0 MiB
==== exec: ./run_kimi_single_layer.sh --point 1,1048576;16,65536;32,8192;128,8192 --split --attn-type mla --moe-backend flashinfer_mxfp4 --attention-backend trtllm_mla --attn-heads 12 --iters 60 ====
==== kimi_single_layer: img=lmsysorg/sglang:v0.5.20 gpu="device=GPU-c09878e8-fb6a-ff0c-3c33-05993065d679" args=--point 1,1048576;16,65536;32,8192;128,8192 --split --attn-type mla --moe-backend flashinfer_mxfp4 --attention-backend trtllm_mla --attn-heads 12 --iters 60 ====
--- Wrapper: Applying owner=yilegu, memory=432834647654 bytes, and cpus=28.8 ---
==============================================================================
kimi_single_layer_decode v3 (K3/MLA)  experts=56 EP=16 layer_idx=4 iters=60 warmup=20 split=True moe_backend=flashinfer_mxfp4 attention_backend=trtllm_mla page_size=64 attn_heads=12 cuda_graph=False
torch=2.13.0+cu130  dev=NVIDIA B200
sglang=0.5.20
==============================================================================
[cfg] wrote /tmp/k3_cfg/config.json  experts=56 (EP=16) top_k=16 shared=2 layers=8  moe_backend=flashinfer_mxfp4 hidden_act=situ  attn_type=mla target_layer=4 mla_heads=12 kda_heads=96 kda_layers=[1, 2, 3, 4, 6, 7, 8] full_attn=[5]
[moe] flashinfer_mxfp4_moe_precision=default
[moe] runner_backend=MoeRunnerBackend.FLASHINFER_MXFP4 is_flashinfer_mxfp4=True is_deep_gemm=False
[boot] tp=1 attn_tp=1 world=1  is_kda_layer(4)=False  attention_arch=1 dtype=torch.bfloat16
[layer] mxfp4 quant_config=Mxfp4Config quant_format=None
[layer] UnquantizedLinearMethod from sglang.srt.layers.quantization.unquant
[layer] patched Mxfp4Config.get_quant_method: LinearBase/RadixAttention -> bf16 unquantized fallback
[layer] KimiK3DecoderLayer(layer_idx=4): self_attn=KimiK3MLAAttention (KDA=False MLA=True)  mlp=KimiK3MoE (MoE=True)
[layer] random-init 0.216B float params -> cuda/bf16/eval (MLA: absorbed kv_b_proj -> w_kc(12, 128, 512) w_vc(12, 512, 128))
[mxfp4] experts=FusedMoE tensors:
[mxfp4]   w13_weight                       (56, 6144, 1792)       torch.uint8 <- e2m1 randint
[mxfp4]   w13_weight_scale                 (56, 6144, 112)        torch.uint8 <- ue8m0 fill 127
[mxfp4]   w13_weight_bias                  (56, 6144)             torch.bfloat16 <- bias normal
[mxfp4]   w2_weight                        (56, 3584, 1536)       torch.uint8 <- e2m1 randint
[mxfp4]   w2_weight_scale                  (56, 3584, 96)         torch.uint8 <- ue8m0 fill 127
[mxfp4]   w2_weight_bias                   (56, 3584)             torch.bfloat16 <- bias normal
[mxfp4] quant_method=Mxfp4MoEMethod use_flashinfer=True use_marlin=False _fi_kernel=trtllm_sm100 precision=default
[mxfp4] quant_method.process_weights_after_loading(experts) OK
[layer] post_load_merge: front_w=(15928, 7168) fused_front_eligible=True bias_dtype=torch.float32
[moe] resolved expert method: {'class': 'Mxfp4MoEMethod', 'use_flashinfer': True, 'use_marlin': False, '_fi_kernel': 'trtllm_sm100', 'flashinfer_mxfp4_moe_precision': 'default'}

---- rung adhoc ----
/sgl-workspace/sglang/python/sglang/srt/layers/attention/flashinfer_mla_backend.py:292: UserWarning: BatchMLAPagedAttentionWrapper: backend='auto' selected 'fa2' on SM100, which is not Blackwell-native and gives poor MLA decode performance. For decode, use flashinfer.mla.trtllm_batch_decode_with_kv_cache_mla (Blackwell-native trtllm-gen); backend='cutlass' is the closest in-wrapper alternative but may be slower than this fallback for decode shapes.
  self.prefill_wrapper_paged = BatchMLAPagedAttentionWrapper(
[mla] TRTLLMMLABackend built (attention_backend=trtllm_mla page_size=64); kv=1.208GB kv_dim=576 num_head=12
[time] B=    1 L=  1048576  us/step=  1476.93  us/tok=1476.928  kv=1.208GB  peak=3.68GB  finite=True  shape=[1, 7168]  attn=590.0us moe=705.8us norms=42.5us  floor=172.6us a/floor=3.42x
[mla] TRTLLMMLABackend built (attention_backend=trtllm_mla page_size=64); kv=1.208GB kv_dim=576 num_head=12
[time] B=   16 L=    65536  us/step=  1416.70  us/tok=  88.544  kv=1.208GB  peak=4.52GB  finite=True  shape=[16, 7168]  attn=555.3us moe=648.0us norms=40.3us  floor=172.6us a/floor=3.22x
[mla] TRTLLMMLABackend built (attention_backend=trtllm_mla page_size=64); kv=0.302GB kv_dim=576 num_head=12
[time] B=   32 L=     8192  us/step=  1420.67  us/tok=  44.396  kv=0.302GB  peak=4.86GB  finite=True  shape=[32, 7168]  attn=543.8us moe=680.1us norms=41.7us  floor=43.1us a/floor=12.60x
[mla] TRTLLMMLABackend built (attention_backend=trtllm_mla page_size=64); kv=1.208GB kv_dim=576 num_head=12
[time] B=  128 L=     8192  us/step=  1461.60  us/tok=  11.419  kv=1.208GB  peak=6.15GB  finite=True  shape=[128, 7168]  attn=525.5us moe=723.3us norms=40.2us  floor=172.6us a/floor=3.05x

==============================================================================
rung              B   seq_len    us/step    us/tok     kv_GB  status
adhoc             1   1048576    1476.93  1476.928     1.208  ok  attn=590.0 moe=705.8 norms=42.5 floor=172.6 a/floor=3.42x
adhoc            16     65536    1416.70    88.544     1.208  ok  attn=555.3 moe=648.0 norms=40.3 floor=172.6 a/floor=3.22x
adhoc            32      8192    1420.67    44.396     0.302  ok  attn=543.8 moe=680.1 norms=41.7 floor=43.1 a/floor=12.60x
adhoc           128      8192    1461.60    11.419     1.208  ok  attn=525.5 moe=723.3 norms=40.2 floor=172.6 a/floor=3.05x
==============================================================================
[out] wrote /work/kimi_single_layer/result_20260922_021750.json
[rank0]:[W922 09:18:43.512207528 ProcessGroupNCCL.cpp:1624] Warning: WARNING: destroy_process_group() was not called before program exit, which can leak resources. For more info, please see https://pytorch.org/docs/stable/distributed.html#shutdown (function operator())
==== done; json -> /raid/yilegu/roofline_guided_agent/VibeSimWorkspace/scripts-local/vibesim-analysis-container/kimi_single_layer/result_20260922_021750.json ====
